[l2t.solutions/index.html]
[backblue.gif]
[fade.gif]
[index.html]
[l2t.solutions/wp-content/uploads/2024/01/banner-e1704521436617.png]
[l2t.solutions/wp-content/plugins/contact-form-7/includes/css/stylesd9cd.css]
[l2t.solutions/wp-content/plugins/translatepress-multilingual/assets/css/trp-language-switcherb246.css]
[l2t.solutions/wp-content/themes/hello-elementor/style.min5b75.css]
[l2t.solutions/wp-content/themes/hello-elementor/theme.min5b75.css]
[l2t.solutions/wp-content/themes/hello-elementor/header-footer.min5b75.css]
[l2t.solutions/wp-content/plugins/elementor/assets/css/frontend-lite.min3cad.css]
[l2t.solutions/feed/index.html]
[l2t.solutions/wp-content/uploads/elementor/css/post-4900b5e9.css]
[l2t.solutions/wp-content/plugins/essential-addons-for-elementor-lite/assets/front-end/css/view/general.min0db1.css]
[l2t.solutions/wp-content/uploads/essential-addons-elementor/eael-47966fc3.css]
[l2t.solutions/wp-content/plugins/elementor/assets/lib/swiper/v8/css/swiper.min94a4.css]
[l2t.solutions/comments/feed/index.html]
[l2t.solutions/wp-content/plugins/elementor-pro/assets/css/frontend-lite.min11d9.css]
[l2t.solutions/wp-content/uploads/elementor/css/post-47963caf.css]
[l2t.solutions/wp-content/uploads/elementor/css/post-5081b5e9.css]
[l2t.solutions/wp-content/uploads/elementor/css/post-6937b5e9.css]
[l2t.solutions/wp-includes/js/jquery/jquery.minf43b.js]
[l2t.solutions/wp-includes/js/jquery/jquery-migrate.min5589.js]
[l2t.solutions/wp-json/index.html]
[l2t.solutions/wp-json/wp/v2/pages/4796.json]
[l2t.solutions/xmlrpc0db0.php]
[l2t.solutions/wp-json/oembed/1.0/embedf6c3.json]
[l2t.solutions/wp-json/oembed/1.0/embedfaba]
[l2t.solutions/wp-content/uploads/2024/03/cropped-logo-32x32.png]
[l2t.solutions/wp-content/uploads/2024/03/cropped-logo-192x192.png]
[l2t.solutions/wp-content/uploads/2024/03/cropped-logo-180x180.png]
[l2t.solutions/wp-content/uploads/2024/03/logo.png]
[l2t.solutions/wp-content/plugins/elementor-pro/assets/css/widget-nav-menu.min.css]
[l2t.solutions/wp-content/plugins/translatepress-multilingual/assets/images/flags/vi.png]
[l2t.solutions/project/index.html]
[l2t.solutions/en/index.html]
[l2t.solutions/wp-content/plugins/translatepress-multilingual/assets/images/flags/en_US.png]
[l2t.solutions/website-template/index.html]
[l2t.solutions/wp-content/plugins/elementor/assets/css/widget-icon-list.min.css]
[l2t.solutions/service/index.html]
[l2t.solutions/wp-content/uploads/2023/12/24137507_739z_idea-scaled.jpg]
[l2t.solutions/wp-content/plugins/elementor-pro/assets/css/widget-loop-builder.min.css]
[l2t.solutions/wp-content/uploads/2024/03/mockup.png]
[l2t.solutions/service/thiet-ke-website-gioi-thieu-doanh-nghiep/index.html]
[l2t.solutions/blog/index.html]
[l2t.solutions/about/index.html]
[l2t.solutions/contact/index.html]
[l2t.solutions/wp-content/uploads/2024/03/mockup_ngochoa_cropped.png]
[l2t.solutions/wp-content/uploads/2023/12/GE-GROUP-MOCKUP.png]
[l2t.solutions/wp-content/uploads/2023/07/GE-EDU-MOCKUP.png]
[l2t.solutions/wp-content/uploads/2023/07/POR-MOCKUP.gif]
[l2t.solutions/wp-content/uploads/2023/12/project-shape.png]
[l2t.solutions/wp-content/uploads/2023/12/news-1.png]
[cdn.buttonizer.io/embed.js]
[l2t.solutions/wp-content/uploads/elementor/css/post-8505b5e9.css]
[l2t.solutions/wp-content/uploads/essential-addons-elementor/eael-5165f630.css]
[l2t.solutions/wp-content/plugins/astra-portfolio/assets/vendor/css/min/magnific-popup.mincd11.css]
[l2t.solutions/wp-content/plugins/astra-portfolio/assets/css/min/shortcode.mincd11.css]
[l2t.solutions/wp-includes/images/spinner.gif]
[l2t.solutions/wp-content/plugins/astra-portfolio/assets/css/min/grid.mincd11.css]
[l2t.solutions/wp-includes/css/dashicons.min74ab.css]
[l2t.solutions/wp-includes/js/thickbox/thickbox74ab.css]
[l2t.solutions/wp-content/uploads/essential-addons-elementor/eael-71656fc3.css]
[l2t.solutions/wp-content/uploads/elementor/css/post-71656c18.css]
[l2t.solutions/wp-content/uploads/elementor/css/post-74206c18.css]
[l2t.solutions/wp-content/uploads/elementor/css/post-75716c18.css]
[l2t.solutions/wp-content/plugins/essential-addons-for-elementor-lite/assets/front-end/css/view/scroll-to-top.min0db1.css]
[l2t.solutions/wp-content/plugins/elementor/assets/lib/animations/animations.min3cad.css]
[l2t.solutions/wp-content/plugins/contact-form-7/includes/swv/js/indexd9cd.js]
[l2t.solutions/wp-content/plugins/contact-form-7/includes/js/indexd9cd.js]
[l2t.solutions/wp-content/themes/hello-elementor/assets/js/hello-frontend.min5b75.js]
[l2t.solutions/wp-content/plugins/essential-addons-for-elementor-lite/assets/front-end/js/view/general.min0db1.js]
[l2t.solutions/wp-content/uploads/essential-addons-elementor/eael-47966fc3.js]
[www.google.com/recaptcha/apic692.js]
[l2t.solutions/wp-includes/js/dist/vendor/wp-polyfill-inert.min0226.js]
[l2t.solutions/wp-includes/js/dist/vendor/regenerator-runtime.min6c85.js]
[l2t.solutions/wp-includes/js/dist/vendor/wp-polyfill.min2c7c.js]
[l2t.solutions/wp-content/plugins/contact-form-7/modules/recaptcha/indexd9cd.js]
[l2t.solutions/wp-content/plugins/elementor-pro/assets/lib/smartmenus/jquery.smartmenus.min1576.js]
[l2t.solutions/wp-content/uploads/essential-addons-elementor/eael-5165f630.js]
[l2t.solutions/wp-includes/js/imagesloaded.minbb93.js]
[l2t.solutions/wp-includes/js/underscore.mind584.js]
[l2t.solutions/wp-includes/js/wp-util.min74ab.js]
[l2t.solutions/wp-content/plugins/astra-portfolio/assets/js/min/astra-portfolio-api.mincd11.js]
[l2t.solutions/wp-content/plugins/astra-portfolio/assets/vendor/js/min/lazy.mincd11.js]
[l2t.solutions/wp-content/plugins/astra-portfolio/assets/vendor/js/min/magnific-popup.mincd11.js]
[l2t.solutions/wp-content/plugins/astra-portfolio/assets/vendor/js/min/history.mincd11.js]
[l2t.solutions/wp-content/plugins/astra-portfolio/assets/js/min/shortcode.mincd11.js]
[l2t.solutions/wp-includes/js/thickbox/thickboxab87.js]
[l2t.solutions/wp-content/uploads/essential-addons-elementor/eael-71656fc3.js]
[l2t.solutions/wp-content/plugins/essential-addons-for-elementor-lite/assets/front-end/js/view/scroll-to-top.min0db1.js]
[l2t.solutions/wp-content/plugins/elementor-pro/assets/js/webpack-pro.runtime.min11d9.js]
[l2t.solutions/wp-content/plugins/elementor/assets/js/webpack.runtime.min3cad.js]
[l2t.solutions/wp-content/plugins/elementor/assets/js/frontend-modules.min3cad.js]
[l2t.solutions/wp-includes/js/dist/hooks.min2757.js]
[l2t.solutions/wp-includes/js/dist/i18n.minc33c.js]
[l2t.solutions/wp-content/plugins/elementor-pro/assets/js/frontend.min11d9.js]
[l2t.solutions/wp-content/plugins/elementor/assets/lib/waypoints/waypoints.min05da.js]
[l2t.solutions/wp-includes/js/jquery/ui/core.min3f14.js]
[l2t.solutions/wp-content/plugins/elementor/assets/js/frontend.min3cad.js]
[l2t.solutions/wp-content/plugins/elementor-pro/assets/js/elements-handlers.min11d9.js]
[l2t.solutions/wp-content/plugins/elementor-pro/assets/lib/sticky/jquery.sticky.min11d9.js]
[l2t.solutions/index.html]
[l2t.solutions/wp-content/plugins/contact-form-7/includes/css/stylesd9cd.css]
[l2t.solutions/wp-content/plugins/translatepress-multilingual/assets/images/arrow-down-3101.svg]
[l2t.solutions/wp-content/plugins/translatepress-multilingual/assets/css/trp-language-switcherb246.css]
[l2t.solutions/wp-content/themes/hello-elementor/style.min5b75.css]
[l2t.solutions/wp-content/themes/hello-elementor/theme.min5b75.css]
[l2t.solutions/wp-content/themes/hello-elementor/header-footer.min5b75.css]
[l2t.solutions/wp-content/plugins/elementor/assets/css/frontend-lite.min3cad.css]
[l2t.solutions/wp-content/uploads/elementor/css/post-4900b5e9.css]
[l2t.solutions/wp-content/plugins/essential-addons-for-elementor-lite/assets/front-end/css/view/general.min0db1.css]
[l2t.solutions/wp-content/uploads/essential-addons-elementor/eael-47966fc3.css]
[l2t.solutions/wp-content/plugins/elementor/assets/lib/swiper/v8/css/swiper.min94a4.css]
[l2t.solutions/wp-content/plugins/elementor-pro/assets/css/frontend-lite.min11d9.css]
[l2t.solutions/wp-content/uploads/elementor/css/post-47963caf.css]
[l2t.solutions/wp-content/uploads/elementor/css/post-5081b5e9.css]
[l2t.solutions/wp-content/uploads/2023/12/news-shape.png]
[l2t.solutions/wp-content/uploads/elementor/css/post-6937b5e9.css]
[l2t.solutions/wp-includes/js/jquery/jquery.minf43b.js]
[l2t.solutions/wp-includes/js/jquery/jquery-migrate.min5589.js]
[l2t.solutions/en/feed/index.html]
[l2t.solutions/en/comments/feed/index.html]
[l2t.solutions/en/wp-json/index.html]
[l2t.solutions/en/wp-json/wp/v2/pages/4796.json]
[l2t.solutions/en/wp-json/oembed/1.0/embedf2d4.json]
[l2t.solutions/en/wp-json/oembed/1.0/embed6b7e]
[l2t.solutions/en/index.html]
[l2t.solutions/wp-content/plugins/elementor-pro/assets/css/widget-nav-menu.min.css]
[l2t.solutions/wp-content/plugins/translatepress-multilingual/assets/js/trp-translate-dom-changesb246.js]
[l2t.solutions/en/service/index.html]
[l2t.solutions/en/project/index.html]
[l2t.solutions/wp-includes/css/dist/block-library/style.min74ab.css]
[l2t.solutions/en/website-template/index.html]
[l2t.solutions/wp-content/plugins/easy-table-of-contents/assets/css/screen.min068a.css]
[l2t.solutions/en/service/thiet-ke-website-gioi-thieu-doanh-nghiep/index.html]
[l2t.solutions/wp-content/uploads/elementor/css/post-5088a681.css]
[l2t.solutions/en/blog/index.html]
[l2t.solutions/wp-content/uploads/elementor/css/post-8750db2a.css]
[l2t.solutions/wp-content/plugins/elementor-pro/assets/css/widget-theme-elements.min.css]
[l2t.solutions/en/contact/index.html]
[l2t.solutions/en/about/index.html]
[l2t.solutions/wp-content/uploads/elementor/css/post-7730db2a.css]
[l2t.solutions/en/service/thiet-ke-landing-page/index.html]
[l2t.solutions/wp-content/plugins/easy-table-of-contents/assets/js/smooth_scroll.min068a.js]
[l2t.solutions/en/service/giai-phap-website/index.html]
[l2t.solutions/wp-content/plugins/easy-table-of-contents/vendor/js-cookie/js.cookie.min77e6.js]
[l2t.solutions/wp-content/plugins/easy-table-of-contents/vendor/sticky-kit/jquery.sticky-kit.min2c00.js]
[l2t.solutions/project/index.html]
[l2t.solutions/wp-content/plugins/easy-table-of-contents/assets/js/front.min4542.js]
[l2t.solutions/en/du-an/index.html]
[l2t.solutions/wp-content/uploads/2023/12/5086817_405-scaled.jpg]
[l2t.solutions/wp-content/uploads/elementor/css/post-6781480c.css]
[l2t.solutions/wp-content/uploads/elementor/css/post-7240480c.css]
[l2t.solutions/wp-json/wp/v2/pages/6781.json]
[l2t.solutions/wp-json/oembed/1.0/embed79ed.json]
[l2t.solutions/wp-json/oembed/1.0/embed16ed]
[l2t.solutions/wp-content/uploads/2023/12/searh_idea-e1703603693203.png]
[l2t.solutions/wp-content/uploads/2023/12/smart-mobile-phone-social-networks-connect-global-network-network-touch-screen-device-digital-links-data-information-online-internet-things.jpg]
[l2t.solutions/wp-content/uploads/2023/12/9855041_767-scaled.jpg]
[l2t.solutions/wp-content/uploads/2023/12/11646660_797-scaled.jpg]
[l2t.solutions/wp-content/uploads/elementor/css/post-7644480c.css]
[l2t.solutions/wp-content/uploads/elementor/css/post-76654944.css]
[l2t.solutions/wp-content/uploads/essential-addons-elementor/eael-6836d057.css]
[l2t.solutions/wp-content/uploads/essential-addons-elementor/eael-6836d057.js]
[l2t.solutions/website-template/index.html]
[l2t.solutions/wp-content/uploads/essential-addons-elementor/eael-90160886.css]
[l2t.solutions/wp-content/uploads/elementor/css/post-9016a681.css]
[l2t.solutions/wp-content/uploads/2023/12/27840302_01-scaled-e1704968559389.jpg]
[l2t.solutions/wp-content/uploads/2023/12/star_2516970.png]
[l2t.solutions/wp-content/uploads/2023/12/compute-page.png]
[l2t.solutions/wp-content/uploads/2023/12/tet_landingpage.png]
[l2t.solutions/wp-content/uploads/2023/12/banbanhchun.png]
[l2t.solutions/wp-content/uploads/2023/12/courselanding-page.png]
[l2t.solutions/wp-content/uploads/2023/12/icons8-amazon-web-services.svg]
[l2t.solutions/wp-content/uploads/2023/12/icons8-mysql.svg]
[l2t.solutions/wp-content/uploads/2023/12/icons8-nginx.svg]
[l2t.solutions/wp-content/uploads/2024/01/icons8-kubernetes.svg]
[l2t.solutions/wp-content/uploads/2023/12/icons8-nodejs.svg]
[l2t.solutions/wp-content/uploads/2024/01/icons8-docker.svg]
[l2t.solutions/wp-content/uploads/2023/12/icons8-spring-boot.svg]
[l2t.solutions/wp-content/uploads/2023/12/icons8-css.svg]
[l2t.solutions/wp-content/uploads/2023/12/icons8-html.svg]
[l2t.solutions/wp-content/uploads/2024/01/icons8-javascript.svg]
[l2t.solutions/wp-content/uploads/2023/12/icons8-react.svg]
[l2t.solutions/wp-content/uploads/2024/01/icons8-azure.svg]
[l2t.solutions/wp-content/uploads/elementor/css/post-7763a681.css]
[l2t.solutions/wp-content/uploads/elementor/css/post-7775a681.css]
[l2t.solutions/wp-content/uploads/elementor/css/post-7855a681.css]
[l2t.solutions/wp-content/plugins/elementor/assets/lib/e-gallery/css/e-gallery.min7359.css]
[l2t.solutions/wp-content/uploads/essential-addons-elementor/eael-78870886.css]
[l2t.solutions/wp-content/uploads/elementor/css/post-7887a681.css]
[l2t.solutions/wp-content/plugins/elementor/assets/lib/font-awesome/css/all.min0db1.css]
[l2t.solutions/wp-content/plugins/elementor/assets/lib/font-awesome/css/v4-shims.min0db1.css]
[l2t.solutions/wp-content/uploads/essential-addons-elementor/eael-71650886.css]
[l2t.solutions/wp-content/uploads/essential-addons-elementor/eael-90160886.js]
[l2t.solutions/wp-content/plugins/elementor/assets/lib/e-gallery/js/e-gallery.min7359.js]
[l2t.solutions/wp-content/plugins/elementor/assets/lib/font-awesome/js/v4-shims.min0db1.js]
[l2t.solutions/wp-content/uploads/essential-addons-elementor/eael-71650886.js]
[l2t.solutions/service/index.html]
[l2t.solutions/wp-content/uploads/elementor/css/post-70555347.css]
[l2t.solutions/wp-content/uploads/elementor/css/post-70465347.css]
[l2t.solutions/wp-json/wp/v2/service/7055.json]
[l2t.solutions/wp-json/oembed/1.0/embed3a06.json]
[l2t.solutions/wp-json/oembed/1.0/embed0902]
[l2t.solutions/wp-content/plugins/elementor-pro/assets/css/widget-animated-headline.min.css]
[l2t.solutions/service/thiet-ke-website-gioi-thieu-doanh-nghiep/index.html]
[l2t.solutions/wp-content/uploads/elementor/css/post-7193af26.css]
[l2t.solutions/wp-json/wp/v2/pages/7193.json]
[l2t.solutions/wp-json/oembed/1.0/embedb38e.json]
[l2t.solutions/wp-json/oembed/1.0/embed57c7]
[l2t.solutions/wp-content/uploads/2023/12/19603065_Modern_3d_illustration_of_Ui_Design_concept-scaled.jpg]
[l2t.solutions/blog/index.html]
[l2t.solutions/wp-content/uploads/2023/12/16594377_C_Cooperation-scaled.jpg]
[l2t.solutions/wp-content/uploads/elementor/css/post-6670c493.css]
[l2t.solutions/wp-json/wp/v2/pages/6670.json]
[l2t.solutions/wp-json/oembed/1.0/embed4495.json]
[l2t.solutions/wp-json/oembed/1.0/embed0fa0]
[l2t.solutions/wp-content/uploads/2023/12/23001043_coworking_07-scaled.jpg]
[l2t.solutions/wp-content/uploads/essential-addons-elementor/eael-716519bb.css]
[l2t.solutions/wp-content/uploads/essential-addons-elementor/eael-716519bb.js]
[l2t.solutions/about/index.html]
[l2t.solutions/wp-content/uploads/essential-addons-elementor/eael-704309e3.css]
[l2t.solutions/wp-content/uploads/elementor/css/post-70431a01.css]
[l2t.solutions/wp-json/wp/v2/pages/7043.json]
[l2t.solutions/wp-json/oembed/1.0/embedeea8.json]
[l2t.solutions/wp-json/oembed/1.0/embed4fe0]
[l2t.solutions/wp-content/uploads/2023/12/16673258_sluzhba_podderzhki2_preobrazovannii_-scaled.jpg]
[l2t.solutions/wp-content/plugins/elementor/assets/css/widget-icon-box.min.css]
[l2t.solutions/wp-content/uploads/essential-addons-elementor/eael-704309e3.js]
[l2t.solutions/contact/index.html]
[l2t.solutions/wp-content/plugins/elementor/assets/css/widget-icon-list.min.css]
[l2t.solutions/service/thiet-ke-landing-page/index.html]
[l2t.solutions/service/giai-phap-website/index.html]
[l2t.solutions/wp-content/plugins/elementor-pro/assets/css/widget-loop-builder.min.css]
[l2t.solutions/du-an/index.html]
[l2t.solutions/wp-content/uploads/elementor/css/post-8505b5e9.css]
[l2t.solutions/wp-content/uploads/essential-addons-elementor/eael-5165f630.css]
[l2t.solutions/wp-content/plugins/astra-portfolio/assets/vendor/css/min/magnific-popup.mincd11.css]
[l2t.solutions/wp-content/plugins/astra-portfolio/assets/css/min/shortcode.mincd11.css]
[l2t.solutions/wp-content/plugins/astra-portfolio/assets/css/min/grid.mincd11.css]
[l2t.solutions/wp-includes/fonts/dashicons7d4b.eot]
[l2t.solutions/wp-includes/css/dashicons.min74ab.css]
[l2t.solutions/wp-includes/js/thickbox/thickbox74ab.css]
[l2t.solutions/wp-content/uploads/essential-addons-elementor/eael-71656fc3.css]
[l2t.solutions/wp-content/uploads/elementor/css/post-71656c18.css]
[l2t.solutions/wp-content/uploads/elementor/css/post-74206c18.css]
[l2t.solutions/wp-content/uploads/elementor/css/post-75716c18.css]
[l2t.solutions/wp-content/plugins/essential-addons-for-elementor-lite/assets/front-end/css/view/scroll-to-top.min0db1.css]
[l2t.solutions/wp-content/plugins/elementor/assets/lib/animations/animations.min3cad.css]
[l2t.solutions/wp-includes/fonts/dashicons7d4b.ttf]
[l2t.solutions/t]
[l2t.solutions/wp-content/plugins/contact-form-7/includes/swv/js/indexd9cd.js]
[l2t.solutions/wp-content/plugins/contact-form-7/includes/js/indexd9cd.js]
[l2t.solutions/wp-content/themes/hello-elementor/assets/js/hello-frontend.min5b75.js]
[l2t.solutions/e]
[l2t.solutions/wp-content/plugins/essential-addons-for-elementor-lite/assets/front-end/js/view/general.min0db1.js]
[l2t.solutions/wp-content/uploads/essential-addons-elementor/eael-47966fc3.js]
[l2t.solutions/wp-includes/js/dist/vendor/wp-polyfill-inert.min0226.js]
[l2t.solutions/wp-includes/js/dist/vendor/regenerator-runtime.min6c85.js]
[l2t.solutions/wp-includes/js/dist/vendor/wp-polyfill.min2c7c.js]
[l2t.solutions/wp-content/plugins/contact-form-7/modules/recaptcha/indexd9cd.js]
[l2t.solutions/wp-content/plugins/elementor-pro/assets/lib/smartmenus/jquery.smartmenus.min1576.js]
[l2t.solutions/wp-content/uploads/essential-addons-elementor/eael-5165f630.js]
[l2t.solutions/wp-includes/js/imagesloaded.minbb93.js]
[l2t.solutions/wp-includes/js/underscore.mind584.js]
[l2t.solutions/wp-includes/js/wp-util.min74ab.js]
[l2t.solutions/wp-content/plugins/astra-portfolio/assets/js/min/astra-portfolio-api.mincd11.js]
[l2t.solutions/wp-content/plugins/astra-portfolio/assets/vendor/js/min/lazy.mincd11.js]
[l2t.solutions/wp-content/plugins/astra-portfolio/assets/vendor/js/min/magnific-popup.mincd11.js]
[l2t.solutions/wp-content/plugins/astra-portfolio/assets/vendor/js/min/history.mincd11.js]
[l2t.solutions/wp-content/plugins/astra-portfolio/assets/js/min/shortcode.mincd11.js]
[l2t.solutions/wp-includes/js/thickbox/thickboxab87.js]
[l2t.solutions/wp-content/uploads/essential-addons-elementor/eael-71656fc3.js]
[l2t.solutions/wp-content/plugins/essential-addons-for-elementor-lite/assets/front-end/js/view/scroll-to-top.min0db1.js]
[l2t.solutions/wp-content/plugins/elementor-pro/assets/js/webpack-pro.runtime.min11d9.js]
[l2t.solutions/wp-content/plugins/elementor/assets/js/webpack.runtime.min3cad.js]
[l2t.solutions/wp-content/plugins/elementor/assets/js/frontend-modules.min3cad.js]
[l2t.solutions/wp-includes/js/dist/hooks.min2757.js]
[l2t.solutions/wp-includes/js/dist/i18n.minc33c.js]
[l2t.solutions/wp-content/plugins/elementor-pro/assets/js/frontend.min11d9.js]
[l2t.solutions/wp-content/plugins/elementor/assets/lib/waypoints/waypoints.min05da.js]
[l2t.solutions/wp-includes/js/jquery/ui/core.min3f14.js]
[l2t.solutions/-negative.svg]
[l2t.solutions/wp-content/plugins/elementor/assets/js/frontend.min3cad.js]
[l2t.solutions/OPR/index.html]
[l2t.solutions/window.location.href]
[l2t.solutions/wp-content/plugins/elementor-pro/assets/js/elements-handlers.min11d9.js]
[l2t.solutions/wp-content/plugins/elementor-pro/assets/lib/sticky/jquery.sticky.min11d9.js]
[l2t.solutions/wp-content/plugins/translatepress-multilingual/assets/images/arrow-down-3101.svg]
[l2t.solutions/en/project/index.html]
[l2t.solutions/en/wp-json/wp/v2/pages/6781.json]
[l2t.solutions/en/wp-json/oembed/1.0/embedb39c.json]
[l2t.solutions/en/wp-json/oembed/1.0/embedadcd]
[l2t.solutions/en/website-template/index.html]
[l2t.solutions/en/service/index.html]
[l2t.solutions/en/lien-he/index.html]
[l2t.solutions/en/wp-json/wp/v2/service/7055.json]
[l2t.solutions/en/wp-json/oembed/1.0/embed5016.json]
[l2t.solutions/en/wp-json/oembed/1.0/embeddc7e]
[l2t.solutions/en/service/thiet-ke-website-gioi-thieu-doanh-nghiep/index.html]
[l2t.solutions/en/wp-json/wp/v2/pages/7193.json]
[l2t.solutions/en/wp-json/oembed/1.0/embedb093.json]
[l2t.solutions/en/wp-json/oembed/1.0/embedeaa1]
[l2t.solutions/en/blog/index.html]
[l2t.solutions/en/wp-json/wp/v2/pages/6670.json]
[l2t.solutions/en/wp-json/oembed/1.0/embed455f.json]
[l2t.solutions/en/wp-json/oembed/1.0/embed7006]
[l2t.solutions/en/about/index.html]
[l2t.solutions/en/wp-json/wp/v2/pages/7043.json]
[l2t.solutions/en/wp-json/oembed/1.0/embed4040.json]
[l2t.solutions/en/wp-json/oembed/1.0/embed4f36]
[l2t.solutions/en/contact/index.html]
[l2t.solutions/wp-content/uploads/elementor/css/post-7084985a.css]
[l2t.solutions/en/wp-json/wp/v2/service/7084.json]
[l2t.solutions/en/wp-json/oembed/1.0/embed7469.json]
[l2t.solutions/en/wp-json/oembed/1.0/embedf65f]
[l2t.solutions/en/service/thiet-ke-landing-page/index.html]
[l2t.solutions/wp-content/uploads/elementor/css/post-7095985a.css]
[l2t.solutions/en/wp-json/wp/v2/service/7095.json]
[l2t.solutions/en/wp-json/oembed/1.0/embed3937.json]
[l2t.solutions/en/wp-json/oembed/1.0/embed2087]
[l2t.solutions/en/service/giai-phap-website/index.html]
[l2t.solutions/en/du-an/index.html]
[l2t.solutions/wp-content/plugins/translatepress-multilingual/assets/js/trp-translate-dom-changesb246.js]
[l2t.solutions/project/indexd784.html]
[l2t.solutions/wp-includes/css/dist/block-library/style.min74ab.css]
[l2t.solutions/wp-content/plugins/easy-table-of-contents/assets/css/screen.min068a.css]
[l2t.solutions/wp-content/uploads/elementor/css/post-5088a681.css]
[l2t.solutions/wp-content/uploads/elementor/css/post-8750db2a.css]
[l2t.solutions/wp-content/plugins/elementor-pro/assets/css/widget-theme-elements.min.css]
[l2t.solutions/wp-content/uploads/elementor/css/post-7730db2a.css]
[l2t.solutions/wp-content/plugins/easy-table-of-contents/assets/js/smooth_scroll.min068a.js]
[l2t.solutions/wp-content/plugins/easy-table-of-contents/vendor/js-cookie/js.cookie.min77e6.js]
[l2t.solutions/wp-content/plugins/easy-table-of-contents/vendor/sticky-kit/jquery.sticky-kit.min2c00.js]
[l2t.solutions/wp-content/plugins/easy-table-of-contents/assets/js/front.min4542.js]
[l2t.solutions/wp-content/uploads/elementor/css/post-6781480c.css]
[l2t.solutions/wp-content/uploads/elementor/css/post-7240480c.css]
[l2t.solutions/indexe33c.html]
[l2t.solutions/wp-content/uploads/elementor/css/post-7644480c.css]
[l2t.solutions/wp-content/uploads/elementor/css/post-76654944.css]
[l2t.solutions/wp-content/uploads/essential-addons-elementor/eael-6836d057.css]
[l2t.solutions/wp-content/uploads/essential-addons-elementor/eael-6836d057.js]
[l2t.solutions/service/indexd784.html]
[l2t.solutions/wp-content/uploads/essential-addons-elementor/eael-90160886.css]
[l2t.solutions/wp-content/uploads/elementor/css/post-9016a681.css]
[l2t.solutions/lien-he/index.html]
[l2t.solutions/wp-content/uploads/2023/12/icons8-amazon-web-services.svg]
[l2t.solutions/wp-content/uploads/2023/12/icons8-mysql.svg]
[l2t.solutions/wp-content/uploads/2023/12/icons8-nginx.svg]
[l2t.solutions/wp-content/uploads/2024/01/icons8-kubernetes.svg]
[l2t.solutions/wp-content/uploads/2023/12/icons8-nodejs.svg]
[l2t.solutions/wp-content/uploads/2024/01/icons8-docker.svg]
[l2t.solutions/wp-content/uploads/2023/12/icons8-spring-boot.svg]
[l2t.solutions/wp-content/uploads/2023/12/icons8-css.svg]
[l2t.solutions/wp-content/uploads/2023/12/icons8-html.svg]
[l2t.solutions/wp-content/uploads/2024/01/icons8-javascript.svg]
[l2t.solutions/wp-content/uploads/2023/12/icons8-react.svg]
[l2t.solutions/wp-content/uploads/2024/01/icons8-azure.svg]
[l2t.solutions/wp-content/uploads/elementor/css/post-7763a681.css]
[l2t.solutions/wp-content/uploads/elementor/css/post-7775a681.css]
[l2t.solutions/wp-content/uploads/elementor/css/post-7855a681.css]
[l2t.solutions/wp-content/plugins/elementor/assets/lib/e-gallery/css/e-gallery.min7359.css]
[l2t.solutions/wp-content/uploads/essential-addons-elementor/eael-78870886.css]
[l2t.solutions/wp-content/uploads/elementor/css/post-7887a681.css]
[l2t.solutions/project/feed/index.html]
[l2t.solutions/wp-content/plugins/elementor/assets/lib/font-awesome/webfonts/fa-brands-400.eot]
[l2t.solutions/service/feed/index.html]
[l2t.solutions/wp-content/plugins/elementor/assets/lib/font-awesome/webfonts/fa-brands-400d41d.eot]
[l2t.solutions/wp-content/plugins/elementor/assets/lib/font-awesome/webfonts/fa-brands-400.woff2]
[l2t.solutions/wp-content/plugins/elementor/assets/lib/font-awesome/webfonts/fa-brands-400.woff]
[l2t.solutions/wp-content/plugins/elementor/assets/lib/font-awesome/webfonts/fa-brands-400.ttf]
[l2t.solutions/wp-content/plugins/elementor/assets/lib/font-awesome/webfonts/fa-brands-400.svg]
[l2t.solutions/wp-content/plugins/elementor/assets/lib/font-awesome/webfonts/fa-regular-400.eot]
[l2t.solutions/wp-content/plugins/elementor/assets/lib/font-awesome/webfonts/fa-regular-400d41d.eot]
[l2t.solutions/wp-content/plugins/elementor/assets/lib/font-awesome/webfonts/fa-regular-400.woff2]
[l2t.solutions/wp-content/plugins/elementor/assets/lib/font-awesome/webfonts/fa-regular-400.woff]
[l2t.solutions/wp-content/plugins/elementor/assets/lib/font-awesome/webfonts/fa-regular-400.ttf]
[l2t.solutions/wp-content/plugins/elementor/assets/lib/font-awesome/webfonts/fa-regular-400.svg]
[l2t.solutions/wp-content/plugins/elementor/assets/lib/font-awesome/webfonts/fa-solid-900.eot]
[l2t.solutions/wp-content/plugins/elementor/assets/lib/font-awesome/webfonts/fa-solid-900d41d.eot]
[l2t.solutions/wp-content/plugins/elementor/assets/lib/font-awesome/webfonts/fa-solid-900.woff2]
[l2t.solutions/wp-content/plugins/elementor/assets/lib/font-awesome/webfonts/fa-solid-900.woff]
[l2t.solutions/wp-content/plugins/elementor/assets/lib/font-awesome/webfonts/fa-solid-900.ttf]
[l2t.solutions/wp-content/plugins/elementor/assets/lib/font-awesome/css/all.min0db1.css]
[l2t.solutions/wp-content/plugins/elementor/assets/lib/font-awesome/css/v4-shims.min0db1.css]
[l2t.solutions/wp-content/uploads/essential-addons-elementor/eael-71650886.css]
[l2t.solutions/wp-content/uploads/essential-addons-elementor/eael-90160886.js]
[l2t.solutions/wp-content/plugins/elementor/assets/lib/e-gallery/js/e-gallery.min7359.js]
[l2t.solutions/wp-content/uploads/essential-addons-elementor/eael-78870886.js]
[l2t.solutions/wp-content/plugins/elementor/assets/lib/font-awesome/js/v4-shims.min0db1.js]
[l2t.solutions/wp-content/uploads/essential-addons-elementor/eael-71650886.js]
[l2t.solutions/wp-content/uploads/elementor/css/post-70555347.css]
[l2t.solutions/wp-content/uploads/elementor/css/post-70465347.css]
[l2t.solutions/index7d02.html]
[l2t.solutions/wp-content/plugins/elementor-pro/assets/css/widget-animated-headline.min.css]
[l2t.solutions/wp-content/uploads/elementor/css/post-7193af26.css]
[l2t.solutions/index0df8.html]
[l2t.solutions/wp-content/uploads/elementor/css/post-6670c493.css]
[l2t.solutions/index5627.html]
[l2t.solutions/wp-content/uploads/essential-addons-elementor/eael-716519bb.css]
[l2t.solutions/wp-content/uploads/essential-addons-elementor/eael-716519bb.js]
[l2t.solutions/wp-content/uploads/essential-addons-elementor/eael-704309e3.css]
[l2t.solutions/wp-content/uploads/elementor/css/post-70431a01.css]
[l2t.solutions/index4b50.html]
[l2t.solutions/wp-content/plugins/elementor/assets/css/widget-icon-box.min.css]
[l2t.solutions/wp-content/uploads/essential-addons-elementor/eael-704309e3.js]
[l2t.solutions/t.html]
[l2t.solutions/e.html]
[l2t.solutions/-negative.html]
[l2t.solutions/OPR/index.html]
[l2t.solutions/window.location.html]
[l2t.solutions/en/project/indexd784.html]
[l2t.solutions/en/indexe33c.html]
[l2t.solutions/en/service/indexd784.html]
[l2t.solutions/en/project/feed/index.html]
[l2t.solutions/en/lien-he/index.html]
[l2t.solutions/en/index7d02.html]
[l2t.solutions/en/index0df8.html]
[l2t.solutions/en/index5627.html]
[l2t.solutions/en/index4b50.html]
[l2t.solutions/wp-content/uploads/elementor/css/post-7084985a.css]
[l2t.solutions/en/index9dce.html]
[l2t.solutions/wp-content/uploads/elementor/css/post-7095985a.css]
[l2t.solutions/en/indexa835.html]
[l2t.solutions/project/feed/index.html]
[l2t.solutions/service/feed/index.html]
[l2t.solutions/wp-content/plugins/elementor/assets/lib/font-awesome/webfonts/fa-brands-400.svg]
[l2t.solutions/wp-content/plugins/elementor/assets/lib/font-awesome/webfonts/fa-regular-400.svg]
[l2t.solutions/service/Trident/index.html]
[l2t.solutions/en/service/feed/index.html]
[l2t.solutions/wp-content/plugins/elementor/assets/lib/font-awesome/webfonts/fa-solid-900.svg]
[l2t.solutions/wp-content/plugins/elementor/assets/lib/font-awesome/webfonts/fa-solid-900.svg]
[l2t.solutions/service/Trident/index.html]
[l2t.solutions/en/project/feed/index.html]
[l2t.solutions/en/service/feed/index.html]
